[optuna] overrides aplicados (16): ATR_FILTER, ATR_PCTL_MAX, ATR_PCTL_MIN, BT_SL_MODE, IA_AUTO_SL_ATR_MULT, IA_AUTO_TRAIL_ATR_MULT, IA_BE_TRIGGER_RR, IA_LIQUIDITY_NY_HOUR_START, IA_MIN_CONFIDENCE, IA_REGIME_ADX_RANGE_MAX, IA_REGIME_ADX_TREND_MIN, IA_REGIME_ATR_CRISIS_PCTL ...
Configuración optimizada cargada.
  (19 claves: ATR_FILTER, ATR_PCTL_MAX, ATR_PCTL_MIN, BT_SL_MODE, IA_AUTO_SL_ATR_MULT, IA_AUTO_TRAIL_ATR_MULT, IA_BE_TRIGGER_RR, IA_BREAKOUT_LOOKBACK, IA_LIQUIDITY_NY_HOUR_START, IA_MIN_CONFIDENCE, IA_REGIME_ADX_RANGE_MAX, IA_REGIME_ADX_TREND_MIN, IA_REGIME_ATR_CRISIS_PCTL, IA_REGIME_ENABLE ...)
Auto-trading DEMO | simbolos=1 | intervalo=15.0s | cooldown tras orden=240.0s | multi/ronda=True | burst=3.0s | stack mismo simbolo=False | Ctrl+C salir
Riesgo objetivo ~1.00% equity por operacion | bundle 5% / 5 ops | lote dinamico (order_calc_profit): SL = ATR M5 x 3 (mas volatilidad -> SL mas lejos -> menos lote) | RR 2
Windows: suspensión por inactividad inhibida mientras IA_AUTO está activo (Ctrl+C libera).
[auto-relax] nivel 1/3 (~14.38h desde apertura NY configurada; sin órdenes aún).
[auto-relax] nivel 2/3 (~14.38h desde apertura NY configurada; sin órdenes aún).
[auto-relax] nivel 3/3 (~14.38h desde apertura NY configurada; sin órdenes aún).
23:23:03 escaneando...
23:23:19 escaneando...
23:23:35 escaneando...
23:23:50 escaneando...
23:24:06 escaneando...
23:24:22 escaneando...
23:24:37 escaneando...
23:24:53 escaneando...
23:25:09 escaneando...
23:25:25 escaneando...
23:25:40 escaneando...
23:25:56 escaneando...
23:26:12 escaneando...
23:26:27 escaneando...
23:26:43 escaneando...
23:26:59 escaneando...
23:27:14 escaneando...
23:27:30 escaneando...
23:27:46 escaneando...
23:28:02 escaneando...
23:28:17 escaneando...
23:28:33 escaneando...
23:28:49 escaneando...
23:29:04 escaneando...
23:29:20 escaneando...
23:29:36 escaneando...
23:29:51 escaneando...
23:30:07 escaneando...
23:30:23 escaneando...
23:30:38 escaneando...
23:30:54 escaneando...
23:31:10 escaneando...
23:31:25 escaneando...
23:31:41 escaneando...
23:31:57 escaneando...
23:32:12 escaneando...
23:32:28 escaneando...
23:32:44 escaneando...
23:32:59 escaneando...
23:33:15 escaneando...
23:33:31 escaneando...
23:33:47 escaneando...
23:34:02 escaneando...
23:34:18 escaneando...
23:34:34 escaneando...
23:34:49 escaneando...
23:35:05 escaneando...
23:35:21 escaneando...
23:35:36 escaneando...
23:35:52 escaneando...
23:36:08 escaneando...
23:36:23 escaneando...
23:36:39 escaneando...
23:36:55 escaneando...
23:37:10 escaneando...
23:37:26 escaneando...
23:37:42 escaneando...
23:37:58 escaneando...
23:38:13 escaneando...
23:38:29 escaneando...
23:38:45 escaneando...
23:39:00 escaneando...
23:39:16 escaneando...
